---
source: src/oss/api/schemas.rs
expression: (fetch)
---
Err(
    SchemaNotFound(
        "unity.myschema2",
    ),
)
