---
source: src/clients/catalogs.rs
expression: res
---
Err(
    CatalogNotFound(
        "mycatalog",
    ),
)
