---
source: src/oss/catalogs.rs
expression: res
---
Err(
    CatalogNotFound(
        "mycatalog",
    ),
)
